---
source: crates/biome_css_analyze/tests/spec_tests.rs
expression: invalid.css
---
# Input
```css
/* selectors using parts of other selectors */
.goo .gar {
    div {
        s {
            
        }
    }
    z {
        m {

        }
        n {
            
        }
    }
}

.goo {
    div {
        s {

        }
    }
}

/* TODO: this case does not work yet because it doesn't compare on root level */
.goo div {}
```

# Diagnostics
```
invalid.css:3:5 lint/nursery/noDuplicateSelectors ━━━━━━━━━━━━━━━━━━━━━━━━━━━━━━━━━━━━━━━━━━━━━━━━━━

  ! Duplicate selectors may result in unintentionally overriding rules.
  
    1 │ /* selectors using parts of other selectors */
    2 │ .goo .gar {
  > 3 │     div {
      │     ^^^
    4 │         s {
    5 │             
  
  i Please consider moving the rule's contents to the first occurence:
  
    18 │ .goo {
  > 19 │     div {
       │     ^^^
    20 │         s {
    21 │ 
  
  i Remove duplicate selectors within the rule
  

```

```
invalid.css:4:9 lint/nursery/noDuplicateSelectors ━━━━━━━━━━━━━━━━━━━━━━━━━━━━━━━━━━━━━━━━━━━━━━━━━━

  ! Duplicate selectors may result in unintentionally overriding rules.
  
    2 │ .goo .gar {
    3 │     div {
  > 4 │         s {
      │         ^
    5 │             
    6 │         }
  
  i Please consider moving the rule's contents to the first occurence:
  
    18 │ .goo {
    19 │     div {
  > 20 │         s {
       │         ^
    21 │ 
    22 │         }
  
  i Remove duplicate selectors within the rule
  

```
